# 変更内容

tsumu@MacBook-Air git_challenge % git status
On branch master

No commits yet

Untracked files:
  (use "git add <file>..." to include in what will be committed)
        .DS_Store
        hello_world.txt

nothing added to commit but untracked files present (use "git add" to track)
tsumu@MacBook-Air git_challenge % git add .
tsumu@MacBook-Air git_challenge % git status
On branch master

No commits yet

Changes to be committed:
  (use "git rm --cached <file>..." to unstage)
        new file:   .DS_Store
        new file:   hello_world.txt

Changes not staged for commit:
  (use "git add <file>..." to update what will be committed)
  (use "git restore <file>..." to discard changes in working directory)
        modified:   .DS_Store

tsumu@MacBook-Air git_challenge % git commit -m "Hello,world!を追記"   
zsh: event not found: を追記
tsumu@MacBook-Air git_challenge % git commit -m "Hello,worldを追記"
[master (root-commit) fa01ee5] Hello,worldを追記
 2 files changed, 1 insertion(+)
 create mode 100644 .DS_Store
 create mode 100644 hello_world.txt
tsumu@MacBook-Air git_challenge % git log
commit fa01ee5d02ecb11551ad480f6a1751312c96d325 (HEAD -> master)
Author: tsumu-ichigo <samurai000t2r@gmail.com>
Date:   Wed Apr 17 11:16:25 2024 +0900

    Hello,worldを追記
tsumu@MacBook-Air git_challenge % git diff --staged
tsumu@MacBook-Air git_challenge % git log --online
fatal: unrecognized argument: --online
tsumu@MacBook-Air git_challenge % git log --oneline
fa01ee5 (HEAD -> master) Hello,worldを追記
tsumu@MacBook-Air git_challenge % git status
On branch master
Changes not staged for commit:
  (use "git add <file>..." to update what will be committed)
  (use "git restore <file>..." to discard changes in working directory)
        modified:   .DS_Store
        modified:   hello_world.txt

no changes added to commit (use "git add" and/or "git commit -a")
tsumu@MacBook-Air git_challenge % git add .
tsumu@MacBook-Air git_challenge % git commit -m "こんにちは、世界を追記"
[master 68b02fd] こんにちは、世界を追記
 2 files changed, 2 insertions(+), 1 deletion(-)
tsumu@MacBook-Air git_challenge % git log --oneline                     
68b02fd (HEAD -> master) こんにちは、世界を追記
fa01ee5 Hello,worldを追記
tsumu@MacBook-Air git_challenge % touch kadai_005/kadai_005.txt
touch: kadai_005/kadai_005.txt: No such file or directory
tsumu@MacBook-Air git_challenge % mkdir kadai_005
tsumu@MacBook-Air git_challenge % touch kadai_005.txt